// Jest Snapshot v1, https://goo.gl/fbAQLP

exports[`renders the Header Title 1`] = `ShallowWrapper {}`;
