// Jest Snapshot v1, https://goo.gl/fbAQLP

exports[`renders the Header Button 1`] = `ShallowWrapper {}`;
