// Jest Snapshot v1, https://goo.gl/fbAQLP

exports[`renders the Loading Spinner 1`] = `ShallowWrapper {}`;
